// Jest Snapshot v1, https://goo.gl/fbAQLP

exports[`TaskForm should match snapshot 1`] = `
<Provider
  store={
    Object {
      "clearActions": [Function],
      "dispatch": [Function],
      "getActions": [Function],
      "getState": [Function],
      "replaceReducer": [Function],
      "subscribe": [Function],
    }
  }
>
  <Connect(TaskForm)>
    <TaskForm
      onChange={[Function]}
      onSubmit={[Function]}
    >
      <form
        className="create-task"
        data-testid="task-form"
        onSubmit={[Function]}
      >
        <label
          htmlFor="title"
        >
          TÃ­tulo
        </label>
        <input
          data-testid="input-title"
          id="title"
          name="title"
          onChange={[Function]}
          type="text"
        />
        <button>
          Crear tarea
        </button>
      </form>
    </TaskForm>
  </Connect(TaskForm)>
</Provider>
`;
