// Jest Snapshot v1, https://goo.gl/fbAQLP

exports[`App should match snapshot 1`] = `
<div
  className="App"
>
  <TasksList
    onClick={[Function]}
    tasks={Array []}
  />
  <TaskForm
    onChange={[Function]}
    onSubmit={[Function]}
    title=""
  />
</div>
`;
